../Core/Src/main.c:66:5:__io_putchar	24	static
../Core/Src/main.c:77:6:is_button_pressed	8	static
../Core/Src/main.c:85:6:start_measure	8	static
../Core/Src/main.c:91:6:stop_measure	8	static
../Core/Src/main.c:96:6:HAL_Delay	24	static,ignoring_inline_asm
../Core/Src/main.c:124:5:main	16	static
../Core/Src/main.c:251:6:SystemClock_Config	96	static
../Core/Src/main.c:308:13:MX_IWDG_Init	8	static
../Core/Src/main.c:337:13:MX_RTC_Init	8	static
../Core/Src/main.c:373:13:MX_USART2_UART_Init	8	static
../Core/Src/main.c:408:13:MX_GPIO_Init	48	static
../Core/Src/main.c:460:6:Error_Handler	4	static,ignoring_inline_asm
