22:01:02 **** Incremental Build of configuration Debug for project Raptors_krok_cl57t ****
make -j12 all 
arm-none-eabi-gcc "../Core/Src/main.c" -mcpu=cortex-m4 -std=gnu11 -g3 -DDEBUG -DUSE_HAL_DRIVER -DSTM32L433xx -c -I../Core/Inc -I../Drivers/STM32L4xx_HAL_Driver/Inc -I../Drivers/STM32L4xx_HAL_Driver/Inc/Legacy -I../Drivers/CMSIS/Device/ST/STM32L4xx/Include -I../Drivers/CMSIS/Include -O0 -ffunction-sections -fdata-sections -Wall -fstack-usage -fcyclomatic-complexity -MMD -MP -MF"Core/Src/main.d" -MT"Core/Src/main.o" --specs=nano.specs -mfpu=fpv4-sp-d16 -mfloat-abi=hard -mthumb -o "Core/Src/main.o"
arm-none-eabi-gcc -o "Raptors_krok_cl57t.elf" @"objects.list"   -mcpu=cortex-m4 -T"G:\STM32CubeIDE\workspace_1.6.0\Raptors_krok_cl57t\STM32L433RCTXP_FLASH.ld" --specs=nosys.specs -Wl,-Map="Raptors_krok_cl57t.map" -Wl,--gc-sections -static --specs=nano.specs -mfpu=fpv4-sp-d16 -mfloat-abi=hard -mthumb -Wl,--start-group -lc -lm -Wl,--end-group
Finished building target: Raptors_krok_cl57t.elf
 
arm-none-eabi-size   Raptors_krok_cl57t.elf 
arm-none-eabi-objdump -h -S  Raptors_krok_cl57t.elf  > "Raptors_krok_cl57t.list"
   text	   data	    bss	    dec	    hex	filename
  18488	     20	   1860	  20368	   4f90	Raptors_krok_cl57t.elf
Finished building: default.size.stdout
 
Finished building: Raptors_krok_cl57t.list
 

22:01:03 Build Finished. 0 errors, 0 warnings. (took 539ms)

